
> linkedin-post-leads@0.1.0 build
> next build

Ôû▓ Next.js 16.1.6 (Turbopack)
- Environments: .env.local

node.exe : ÔÜá The 
"middleware" file 
convention is 
deprecated. Please use 
"proxy" instead. Learn 
more: https://nextjs.or
g/docs/messages/middlew
are-to-proxy
At C:\Program Files\nod
ejs\npm.ps1:29 char:3
+   & $NODE_EXE 
$NPM_CLI_JS $args
+   ~~~~~~~~~~~~~~~~~~~
~~~~~~~~~~
    + CategoryInfo     
         : NotSpecifi  
  ed: (ÔÜá The "midd   
 le...leware-to-pro    
xy:String) [], Rem    
oteException
    + FullyQualifiedEr 
   rorId : NativeComm  
  andError
 
  Creating an optimized production build ...

<--- Last few GCs --->

[7420:0000022A39CE1000]
     8752 ms: Scavenge 
(reduce) (interleaved) 
8.4 (11.5) -> 7.4 
(9.2) MB, pooled: 0 
MB, 4.10 / 0.05 ms  
(average mu = 1.000, 
current mu = 1.000) 
task; 
[7420:0000022A39CE1000]
     8760 ms: 
Mark-Compact (reduce) 
7.4 (9.2) -> 6.7 (8.7) 
MB, pooled: 0 MB, 6.62 
/ 0.00 ms  (+ 4.2 ms 
in 0 steps since start 
of marking, biggest 
step 0.0 ms, walltime 
since start of marking 
19 ms) (average mu = 
0.999, current mu = 

<--- JS stacktrace --->

FATAL ERROR: 
Committing semi space 
failed. Allocation 
failed - JavaScript 
heap out of memory
----- Native stack 
trace -----

 1: 00007FF709B2BD7B 
 2: 00007FF709A94BC8 
 3: 00007FF70A622C31 
 4: 00007FF70A60FA36 
 5: 00007FF70A45B6E0 
 6: 00007FF70A413703 
 7: 00007FF70A4647A5 
 8: 00007FF70A455052 
 9: 00007FF70A450C45 
10: 00007FF709DCA2DD 

> Build error occurred
Error: Turbopack build 
failed with 1 errors:
./src/app/api/scrape/ro
ute.ts:18:11
Ecmascript file had an 
error
[0m [90m 16 |[39m   
  [90m//   return 
NextResponse.json({ 
error: "Unauthorized" 
}, { status: 401 
});[39m
 [90m 17 |[39m     
[90m// }[39m
[31m[1m>[22m[39m[9
0m 18 |[39m     
[36mconst[39m user 
[33m=[39m { 
id[33m:[39m [32m'tes
t-user-id'[39m 
}[33m;[39m [90m// 
Mock user for 
testing[39m
 [90m    |[39m       
    [31m[1m^[22m[39
m[31m[1m^[22m[39m[
31m[1m^[22m[39m[31m
[1m^[22m[39m
 [90m 19 |[39m
 [90m 20 |[39m     
[90m// Validate the 
request body[39m
 [90m 21 |[39m     
[36mconst[39m body 
[33m=[39m 
[36mawait[39m request
[33m.[39mjson()[33m;
[39m[0m

the name `user` is 
defined multiple times


    at <unknown> (./src
/app/api/scrape/route.t
s:18:11)
